X	Y	LS	X0	Y0	Len	Delay	pVal	corr	corPval
f1	f2	0.9169	3	1	2	2	0.16900	-0.5520	0.16734
f1	f3	-1.0000	1	1	4	0	0.00000	-1.0000	0.00000
f2	f3	-0.9169	1	3	2	-2	0.17600	0.5520	0.16734
